stm32f7xx_hal_msp.c:64:6:HAL_MspInit	16	static
stm32f7xx_hal_msp.c:86:6:HAL_DMA2D_MspInit	24	static
stm32f7xx_hal_msp.c:108:6:HAL_DMA2D_MspDeInit	16	static
stm32f7xx_hal_msp.c:130:6:HAL_DSI_MspInit	48	static
stm32f7xx_hal_msp.c:165:6:HAL_DSI_MspDeInit	16	static
stm32f7xx_hal_msp.c:193:6:HAL_LTDC_MspInit	24	static
stm32f7xx_hal_msp.c:215:6:HAL_LTDC_MspDeInit	16	static
stm32f7xx_hal_msp.c:233:13:HAL_FMC_MspInit	32	static
stm32f7xx_hal_msp.c:368:6:HAL_SDRAM_MspInit	16	static
stm32f7xx_hal_msp.c:380:13:HAL_FMC_MspDeInit	8	static
stm32f7xx_hal_msp.c:479:6:HAL_SDRAM_MspDeInit	16	static
