core_cm7.h:2229:22:SCB_EnableICache	4	static,ignoring_inline_asm
core_cm7.h:2281:22:SCB_EnableDCache	24	static,ignoring_inline_asm
main.c:119:5:main	16	static
main.c:218:6:SystemClock_Config	232	static
main.c:279:13:MX_ADC1_Init	24	static
main.c:329:13:MX_DMA2D_Init	8	static
main.c:368:13:MX_DSIHOST_DSI_Init	176	static
main.c:477:13:MX_LTDC_Init	112	static
main.c:559:13:MX_TIM6_Init	24	static
main.c:593:13:MX_FMC_Init	40	static
main.c:644:13:MX_GPIO_Init	64	static
main.c:671:6:showTime	64	static
main.c:685:6:temp	120	static
main.c:704:6:LCD_GameOn	104	static
main.c:732:6:LCD_Config	16	static
main.c:753:6:touch_screen_config	16	static
main.c:759:6:HAL_TIM_PeriodElapsedCallback	16	static
main.c:772:6:meteOndeTocaste	16	static
main.c:792:6:HAL_GPIO_EXTI_Callback	16	static
main.c:817:6:Error_Handler	4	static
