core_cm7.h:2229:22:SCB_EnableICache	4	static,ignoring_inline_asm
core_cm7.h:2281:22:SCB_EnableDCache	24	static,ignoring_inline_asm
main.c:121:5:main	16	static
main.c:229:6:SystemClock_Config	232	static
main.c:290:13:MX_ADC1_Init	24	static
main.c:340:13:MX_DMA2D_Init	8	static
main.c:379:13:MX_DSIHOST_DSI_Init	176	static
main.c:488:13:MX_LTDC_Init	112	static
main.c:570:13:MX_TIM6_Init	24	static
main.c:604:13:MX_FMC_Init	40	static
main.c:655:13:MX_GPIO_Init	64	static
main.c:692:6:showTime	64	static
main.c:706:6:temp	120	static
main.c:725:6:LCD_GameOn	104	static
main.c:753:6:LCD_Config	16	static
main.c:774:6:touch_screen_config	16	static
main.c:780:6:HAL_TIM_PeriodElapsedCallback	16	static
main.c:793:6:meteOndeTocaste	24	static
main.c:816:6:HAL_GPIO_EXTI_Callback	16	static
main.c:842:6:fazerReset	8	static
main.c:866:6:Error_Handler	4	static
