core_cm7.h:2229:22:SCB_EnableICache	4	static,ignoring_inline_asm
core_cm7.h:2281:22:SCB_EnableDCache	24	static,ignoring_inline_asm
main.c:87:6:temp	120	static
main.c:113:5:main	40	static
main.c:188:6:SystemClock_Config	232	static
main.c:249:13:MX_ADC2_Init	24	static
main.c:299:13:MX_DMA2D_Init	8	static
main.c:338:13:MX_DSIHOST_DSI_Init	176	static
main.c:447:13:MX_LTDC_Init	112	static
main.c:529:13:MX_TIM6_Init	24	static
main.c:563:13:MX_FMC_Init	40	static
main.c:614:13:MX_GPIO_Init	48	static
main.c:631:13:LCD_Config	16	static
main.c:652:6:HAL_TIM_PeriodElapsedCallback	16	static
main.c:664:6:Error_Handler	4	static
