core_cm7.h:2229:22:SCB_EnableICache	4	static,ignoring_inline_asm
core_cm7.h:2281:22:SCB_EnableDCache	24	static,ignoring_inline_asm
main.c:126:5:main	16	static
main.c:238:6:SystemClock_Config	232	static
main.c:302:13:MX_ADC1_Init	24	static
main.c:352:13:MX_DMA2D_Init	8	static
main.c:391:13:MX_DSIHOST_DSI_Init	176	static
main.c:500:13:MX_LTDC_Init	112	static
main.c:582:13:MX_SDMMC2_SD_Init	4	static
main.c:610:13:MX_TIM6_Init	24	static
main.c:644:13:MX_FMC_Init	40	static
main.c:695:13:MX_GPIO_Init	64	static
main.c:738:6:showTime	8	static
main.c:752:6:temp	120	static
main.c:771:6:LCD_GameOn	104	static
main.c:799:6:LCD_Config	16	static
main.c:820:6:touch_screen_config	16	static
main.c:826:6:HAL_TIM_PeriodElapsedCallback	16	static
main.c:839:6:meteOndeTocaste	24	static
main.c:867:6:HAL_GPIO_EXTI_Callback	16	static
main.c:888:6:fazerReset	8	static
main.c:912:6:Error_Handler	8	static
