core_cm7.h:2229:22:SCB_EnableICache	4	static,ignoring_inline_asm
core_cm7.h:2281:22:SCB_EnableDCache	24	static,ignoring_inline_asm
main.c:132:5:main	8	static
main.c:237:6:SystemClock_Config	232	static
main.c:301:13:MX_ADC1_Init	24	static
main.c:351:13:MX_DMA2D_Init	8	static
main.c:390:13:MX_DSIHOST_DSI_Init	176	static
main.c:499:13:MX_LTDC_Init	112	static
main.c:581:13:MX_SDMMC2_SD_Init	4	static
main.c:609:13:MX_TIM6_Init	24	static
main.c:643:13:MX_FMC_Init	40	static
main.c:694:13:MX_GPIO_Init	64	static
main.c:737:6:showTime	8	static
main.c:751:6:temp	120	static
main.c:770:6:LCD_GameOn	56	static
main.c:799:6:LCD_Config	16	static
main.c:820:6:touch_screen_config	16	static
main.c:826:6:HAL_TIM_PeriodElapsedCallback	16	static
main.c:839:6:meteOndeTocaste	32	static
main.c:877:6:HAL_GPIO_EXTI_Callback	16	static
main.c:895:6:menuInicial	424	static
main.c:988:6:fazerReset	8	static
main.c:1012:6:Error_Handler	8	static
