core_cm7.h:2147:34:__NVIC_SystemReset	4	static,ignoring_inline_asm
core_cm7.h:2229:22:SCB_EnableICache	4	static,ignoring_inline_asm
core_cm7.h:2281:22:SCB_EnableDCache	24	static,ignoring_inline_asm
main.c:151:5:main	8	static
main.c:271:6:SystemClock_Config	232	static
main.c:335:13:MX_ADC1_Init	24	static
main.c:385:13:MX_DMA2D_Init	8	static
main.c:424:13:MX_DSIHOST_DSI_Init	176	static
main.c:533:13:MX_LTDC_Init	112	static
main.c:615:13:MX_SDMMC2_SD_Init	4	static
main.c:643:13:MX_TIM4_Init	40	static
main.c:688:13:MX_TIM6_Init	24	static
main.c:726:13:MX_TIM7_Init	24	static
main.c:760:13:MX_FMC_Init	40	static
main.c:811:13:MX_GPIO_Init	64	static
main.c:854:6:showTime	16	static
main.c:916:6:temp	128	static
main.c:938:6:LCD_GameOn	48	static
main.c:971:6:LCD_Config	16	static
main.c:992:6:touch_screen_config	16	static
main.c:998:6:HAL_TIM_PeriodElapsedCallback	16	static
main.c:1011:6:redoMatriz	24	static
main.c:1022:6:countMatriz	16	static
main.c:1037:6:showPlayerPieces	320	static
main.c:1067:6:sendLog	224	static
main.c:1098:6:jogo	40	static
main.c:1141:6:meteJogAI	48	static
main.c:1169:6:HAL_GPIO_EXTI_Callback	16	static
main.c:1190:6:menuInicial	424	static
main.c:1291:6:fazerReset	8	static
main.c:1324:7:possible_move	24	static
main.c:1351:7:poss_capt_h	48	static
main.c:1386:7:poss_capt_v	48	static
main.c:1417:7:poss_capt_dp	48	static
main.c:1450:7:poss_capt_ds	48	static
main.c:1482:7:poss_array_printer	24	static
main.c:1490:7:poss_array_erasor	16	static
main.c:1498:6:check_reps	24	static
main.c:1513:7:inserePecaNaMatriz	16	static
main.c:1527:7:place	32	static
main.c:1553:7:piece_changer_h	32	static
main.c:1576:7:piece_changer_v	32	static
main.c:1597:7:piece_changer_dp	48	static
main.c:1641:7:piece_changer_ds	24	static
main.c:1648:7:checkIfGameEnded	32	static
main.c:1691:6:Error_Handler	4	static
