core_cm7.h:2229:22:SCB_EnableICache	4	static,ignoring_inline_asm
core_cm7.h:2281:22:SCB_EnableDCache	24	static,ignoring_inline_asm
main.c:119:5:main	16	static
main.c:205:6:SystemClock_Config	232	static
main.c:266:13:MX_ADC1_Init	24	static
main.c:316:13:MX_DMA2D_Init	8	static
main.c:355:13:MX_DSIHOST_DSI_Init	176	static
main.c:464:13:MX_LTDC_Init	112	static
main.c:546:13:MX_TIM6_Init	24	static
main.c:580:13:MX_FMC_Init	40	static
main.c:631:13:MX_GPIO_Init	64	static
main.c:658:6:showTime	64	static
main.c:672:6:temp	120	static
main.c:691:8:LCD_GameOn	64	static
main.c:719:13:LCD_Config	16	static
main.c:740:6:touch_screen_config	16	static
main.c:746:6:HAL_TIM_PeriodElapsedCallback	16	static
main.c:759:6:meteOndeTocaste	48	static
main.c:793:6:HAL_GPIO_EXTI_Callback	16	static
main.c:814:6:Error_Handler	4	static
