core_cm7.h:2147:34:__NVIC_SystemReset	4	static,ignoring_inline_asm
core_cm7.h:2229:22:SCB_EnableICache	4	static,ignoring_inline_asm
core_cm7.h:2281:22:SCB_EnableDCache	24	static,ignoring_inline_asm
main.c:151:5:main	8	static
main.c:267:6:SystemClock_Config	232	static
main.c:331:13:MX_ADC1_Init	24	static
main.c:381:13:MX_DMA2D_Init	8	static
main.c:420:13:MX_DSIHOST_DSI_Init	176	static
main.c:529:13:MX_LTDC_Init	112	static
main.c:611:13:MX_SDMMC2_SD_Init	4	static
main.c:639:13:MX_TIM4_Init	40	static
main.c:684:13:MX_TIM6_Init	24	static
main.c:722:13:MX_TIM7_Init	24	static
main.c:756:13:MX_FMC_Init	40	static
main.c:807:13:MX_GPIO_Init	64	static
main.c:850:6:showTime	16	static
main.c:903:6:temp	128	static
main.c:925:6:LCD_GameOn	48	static
main.c:961:6:LCD_Config	16	static
main.c:982:6:touch_screen_config	16	static
main.c:988:6:HAL_TIM_PeriodElapsedCallback	16	static
main.c:1006:6:meteOndeTocaste	40	static
main.c:1049:6:HAL_GPIO_EXTI_Callback	16	static
main.c:1067:6:menuInicial	424	static
main.c:1163:6:fazerReset	8	static
main.c:1198:7:possible_move	24	static
main.c:1225:7:poss_capt_h	48	static
main.c:1260:7:poss_capt_v	48	static
main.c:1291:7:poss_capt_dp	48	static
main.c:1324:7:poss_capt_ds	48	static
main.c:1356:7:poss_array_printer	24	static
main.c:1364:7:poss_array_erasor	16	static
main.c:1372:6:check_reps	24	static
main.c:1387:7:inserePecaNaMatriz	24	static
main.c:1401:7:place	24	static
main.c:1422:7:piece_changer_h	48	static
main.c:1465:7:piece_changer_v	48	static
main.c:1507:7:piece_changer_dp	48	static
main.c:1551:7:piece_changer_ds	48	static
main.c:1595:7:checkIfGameEnded	32	static
main.c:1638:6:Error_Handler	4	static
