core_cm7.h:2147:34:__NVIC_SystemReset	4	static,ignoring_inline_asm
core_cm7.h:2229:22:SCB_EnableICache	4	static,ignoring_inline_asm
core_cm7.h:2281:22:SCB_EnableDCache	24	static,ignoring_inline_asm
main.c:150:5:main	8	static
main.c:264:6:SystemClock_Config	232	static
main.c:328:13:MX_ADC1_Init	24	static
main.c:378:13:MX_DMA2D_Init	8	static
main.c:417:13:MX_DSIHOST_DSI_Init	176	static
main.c:526:13:MX_LTDC_Init	112	static
main.c:608:13:MX_SDMMC2_SD_Init	4	static
main.c:636:13:MX_TIM4_Init	40	static
main.c:681:13:MX_TIM6_Init	24	static
main.c:719:13:MX_TIM7_Init	24	static
main.c:753:13:MX_FMC_Init	40	static
main.c:804:13:MX_GPIO_Init	64	static
main.c:847:6:showTime	16	static
main.c:900:6:temp	128	static
main.c:922:6:LCD_GameOn	48	static
main.c:955:6:LCD_Config	16	static
main.c:976:6:touch_screen_config	16	static
main.c:982:6:HAL_TIM_PeriodElapsedCallback	16	static
main.c:995:6:redoMatriz	24	static
main.c:1006:6:jogo	40	static
main.c:1045:6:meteJogAI	48	static
main.c:1067:6:HAL_GPIO_EXTI_Callback	16	static
main.c:1085:6:menuInicial	424	static
main.c:1186:6:fazerReset	8	static
main.c:1219:7:possible_move	24	static
main.c:1246:7:poss_capt_h	48	static
main.c:1281:7:poss_capt_v	48	static
main.c:1312:7:poss_capt_dp	48	static
main.c:1345:7:poss_capt_ds	48	static
main.c:1377:7:poss_array_printer	24	static
main.c:1385:7:poss_array_erasor	16	static
main.c:1393:6:check_reps	24	static
main.c:1408:7:inserePecaNaMatriz	16	static
main.c:1422:7:place	32	static
main.c:1448:7:piece_changer_h	32	static
main.c:1471:7:piece_changer_v	32	static
main.c:1492:7:piece_changer_dp	48	static
main.c:1536:7:piece_changer_ds	24	static
main.c:1543:7:checkIfGameEnded	32	static
main.c:1586:6:Error_Handler	4	static
