core_cm7.h:2229:22:SCB_EnableICache	4	static,ignoring_inline_asm
core_cm7.h:2281:22:SCB_EnableDCache	24	static,ignoring_inline_asm
main.c:119:5:main	16	static
main.c:206:6:SystemClock_Config	232	static
main.c:267:13:MX_ADC1_Init	24	static
main.c:317:13:MX_DMA2D_Init	8	static
main.c:356:13:MX_DSIHOST_DSI_Init	176	static
main.c:465:13:MX_LTDC_Init	112	static
main.c:547:13:MX_TIM6_Init	24	static
main.c:581:13:MX_FMC_Init	40	static
main.c:632:13:MX_GPIO_Init	64	static
main.c:659:6:showTime	64	static
main.c:673:6:temp	120	static
main.c:692:8:LCD_GameOn	64	static
main.c:720:13:LCD_Config	16	static
main.c:741:6:touch_screen_config	16	static
main.c:747:6:HAL_TIM_PeriodElapsedCallback	16	static
main.c:760:8:meteOndeTocaste	56	static
main.c:802:6:HAL_GPIO_EXTI_Callback	16	static
main.c:823:6:Error_Handler	4	static
