core_cm7.h:2147:34:__NVIC_SystemReset	4	static,ignoring_inline_asm
core_cm7.h:2229:22:SCB_EnableICache	4	static,ignoring_inline_asm
core_cm7.h:2281:22:SCB_EnableDCache	24	static,ignoring_inline_asm
main.c:142:5:main	8	static
main.c:254:6:SystemClock_Config	232	static
main.c:318:13:MX_ADC1_Init	24	static
main.c:368:13:MX_DMA2D_Init	8	static
main.c:407:13:MX_DSIHOST_DSI_Init	176	static
main.c:516:13:MX_LTDC_Init	112	static
main.c:598:13:MX_SDMMC2_SD_Init	4	static
main.c:626:13:MX_TIM4_Init	40	static
main.c:671:13:MX_TIM6_Init	24	static
main.c:709:13:MX_TIM7_Init	24	static
main.c:743:13:MX_FMC_Init	40	static
main.c:794:13:MX_GPIO_Init	64	static
main.c:837:6:showTime	216	static
main.c:888:6:temp	120	static
main.c:907:6:LCD_GameOn	56	static
main.c:936:6:LCD_Config	16	static
main.c:957:6:touch_screen_config	16	static
main.c:963:6:HAL_TIM_PeriodElapsedCallback	16	static
main.c:981:6:meteOndeTocaste	32	static
main.c:1019:6:HAL_GPIO_EXTI_Callback	16	static
main.c:1037:6:menuInicial	424	static
main.c:1130:6:fazerReset	8	static
main.c:1164:6:Error_Handler	4	static
