core_cm7.h:2147:34:__NVIC_SystemReset	4	static,ignoring_inline_asm
core_cm7.h:2229:22:SCB_EnableICache	4	static,ignoring_inline_asm
core_cm7.h:2281:22:SCB_EnableDCache	24	static,ignoring_inline_asm
main.c:151:5:main	8	static
main.c:268:6:SystemClock_Config	232	static
main.c:332:13:MX_ADC1_Init	24	static
main.c:382:13:MX_DMA2D_Init	8	static
main.c:421:13:MX_DSIHOST_DSI_Init	176	static
main.c:530:13:MX_LTDC_Init	112	static
main.c:612:13:MX_SDMMC2_SD_Init	4	static
main.c:640:13:MX_TIM4_Init	40	static
main.c:685:13:MX_TIM6_Init	24	static
main.c:723:13:MX_TIM7_Init	24	static
main.c:757:13:MX_FMC_Init	40	static
main.c:808:13:MX_GPIO_Init	64	static
main.c:851:6:showTime	16	static
main.c:913:6:temp	128	static
main.c:935:6:LCD_GameOn	48	static
main.c:968:6:LCD_Config	16	static
main.c:989:6:touch_screen_config	16	static
main.c:995:6:HAL_TIM_PeriodElapsedCallback	16	static
main.c:1008:6:redoMatriz	24	static
main.c:1019:6:countMatriz	16	static
main.c:1034:6:showPlayerPieces	320	static
main.c:1063:6:jogo	40	static
main.c:1106:6:meteJogAI	48	static
main.c:1133:6:HAL_GPIO_EXTI_Callback	16	static
main.c:1154:6:menuInicial	424	static
main.c:1255:6:fazerReset	8	static
main.c:1288:7:possible_move	24	static
main.c:1315:7:poss_capt_h	48	static
main.c:1350:7:poss_capt_v	48	static
main.c:1381:7:poss_capt_dp	48	static
main.c:1414:7:poss_capt_ds	48	static
main.c:1446:7:poss_array_printer	24	static
main.c:1454:7:poss_array_erasor	16	static
main.c:1462:6:check_reps	24	static
main.c:1477:7:inserePecaNaMatriz	16	static
main.c:1491:7:place	32	static
main.c:1517:7:piece_changer_h	32	static
main.c:1540:7:piece_changer_v	32	static
main.c:1561:7:piece_changer_dp	48	static
main.c:1605:7:piece_changer_ds	24	static
main.c:1612:7:checkIfGameEnded	32	static
main.c:1655:6:Error_Handler	4	static
