core_cm7.h:2229:22:SCB_EnableICache	4	static,ignoring_inline_asm
core_cm7.h:2281:22:SCB_EnableDCache	24	static,ignoring_inline_asm
main.c:108:5:main	8	static
main.c:178:6:SystemClock_Config	232	static
main.c:239:13:MX_ADC1_Init	24	static
main.c:289:13:MX_DMA2D_Init	8	static
main.c:328:13:MX_DSIHOST_DSI_Init	176	static
main.c:437:13:MX_LTDC_Init	112	static
main.c:519:13:MX_TIM6_Init	24	static
main.c:553:13:MX_FMC_Init	40	static
main.c:604:13:MX_GPIO_Init	64	static
main.c:631:6:showTime	64	static
main.c:646:6:temp	120	static
main.c:665:13:LCD_Config	48	static
main.c:699:6:touch_screen_config	16	static
main.c:705:6:HAL_TIM_PeriodElapsedCallback	16	static
main.c:718:6:inserePeca	16	static
main.c:723:6:meteOndeTocaste	48	static
main.c:755:6:HAL_GPIO_EXTI_Callback	16	static
main.c:768:6:Error_Handler	4	static
