stm32f7xx_hal_msp.c:64:6:HAL_MspInit	16	static
stm32f7xx_hal_msp.c:86:6:HAL_ADC_MspInit	48	static
stm32f7xx_hal_msp.c:122:6:HAL_ADC_MspDeInit	16	static
stm32f7xx_hal_msp.c:152:6:HAL_DMA2D_MspInit	24	static
stm32f7xx_hal_msp.c:174:6:HAL_DMA2D_MspDeInit	16	static
stm32f7xx_hal_msp.c:196:6:HAL_DSI_MspInit	48	static
stm32f7xx_hal_msp.c:231:6:HAL_DSI_MspDeInit	16	static
stm32f7xx_hal_msp.c:259:6:HAL_LTDC_MspInit	24	static
stm32f7xx_hal_msp.c:281:6:HAL_LTDC_MspDeInit	16	static
stm32f7xx_hal_msp.c:303:6:HAL_TIM_Base_MspInit	24	static
stm32f7xx_hal_msp.c:328:6:HAL_TIM_Base_MspDeInit	16	static
stm32f7xx_hal_msp.c:349:13:HAL_FMC_MspInit	32	static
stm32f7xx_hal_msp.c:484:6:HAL_SDRAM_MspInit	16	static
stm32f7xx_hal_msp.c:496:13:HAL_FMC_MspDeInit	8	static
stm32f7xx_hal_msp.c:595:6:HAL_SDRAM_MspDeInit	16	static
